// Jest Snapshot v1, https://goo.gl/fbAQLP

exports[`General component should render correctly 1`] = `
<Provider
  store={
    Object {
      "clearActions": [Function],
      "dispatch": [Function],
      "getActions": [Function],
      "getState": [Function],
      "replaceReducer": [Function],
      "subscribe": [Function],
    }
  }
>
  <BrowserRouter>
    <Router
      history={
        Object {
          "action": "POP",
          "block": [Function],
          "createHref": [Function],
          "go": [Function],
          "goBack": [Function],
          "goForward": [Function],
          "length": 1,
          "listen": [Function],
          "location": Object {
            "hash": "",
            "pathname": "/",
            "search": "",
            "state": undefined,
          },
          "push": [Function],
          "replace": [Function],
        }
      }
    >
      <withRouter(General)>
        <Route>
          <General
            history={
              Object {
                "action": "POP",
                "block": [Function],
                "createHref": [Function],
                "go": [Function],
                "goBack": [Function],
                "goForward": [Function],
                "length": 1,
                "listen": [Function],
                "location": Object {
                  "hash": "",
                  "pathname": "/",
                  "search": "",
                  "state": undefined,
                },
                "push": [Function],
                "replace": [Function],
              }
            }
            location={
              Object {
                "hash": "",
                "pathname": "/",
                "search": "",
                "state": undefined,
              }
            }
            match={
              Object {
                "isExact": true,
                "params": Object {},
                "path": "/",
                "url": "/",
              }
            }
          >
            <PageHeader>
              <section
                className="pf-l-page-header pf-c-page-header pf-l-page__main-section pf-c-page__main-section pf-m-light"
                widget-type="InsightsPageHeader"
              >
                <PageHeaderTitle
                  title="General"
                >
                  <Title
                    className=""
                    size="2xl"
                    widget-type="InsightsPageHeaderTitle"
                  >
                    <h1
                      className="pf-c-title pf-m-2xl"
                      widget-type="InsightsPageHeaderTitle"
                    >
                       
                      General
                       
                    </h1>
                  </Title>
                </PageHeaderTitle>
              </section>
            </PageHeader>
            <Connect(Main)>
              <Main>
                <section
                  className="pf-l-page__main-section pf-c-page__main-section"
                  page-type=""
                >
                  <h1>
                     Sample Component 
                  </h1>
                </section>
              </Main>
            </Connect(Main)>
          </General>
        </Route>
      </withRouter(General)>
    </Router>
  </BrowserRouter>
</Provider>
`;
